V3 19
FL //tholos.itserv.scss.tcd.ie/ugrad/agnewl/Project-1-Datapath-Design-Part-A/decoder_3_to_8.vhd 2016/02/12.15:43:54 O.61xd
EN work/decoder_3_to_8 1455291842 \
      FL //tholos.itserv.scss.tcd.ie/ugrad/agnewl/Project-1-Datapath-Design-Part-A/decoder_3_to_8.vhd \
      PB ieee/std_logic_1164 1308643377 PB ieee/std_logic_arith 1308643378 \
      PB ieee/STD_LOGIC_UNSIGNED 1308643379
AR work/decoder_3_to_8/dataflow_1 1455291843 \
      FL //tholos.itserv.scss.tcd.ie/ugrad/agnewl/Project-1-Datapath-Design-Part-A/decoder_3_to_8.vhd \
      EN work/decoder_3_to_8 1455291842
FL //tholos.itserv.scss.tcd.ie/ugrad/agnewl/Project-1-Datapath-Design-Part-A/mux2_16bit.vhd 2016/02/12.13:21:14 O.61xd
EN work/mux2_16bit 1455291844 \
      FL //tholos.itserv.scss.tcd.ie/ugrad/agnewl/Project-1-Datapath-Design-Part-A/mux2_16bit.vhd \
      PB ieee/std_logic_1164 1308643377 PB ieee/std_logic_arith 1308643378 \
      PB ieee/STD_LOGIC_UNSIGNED 1308643379
AR work/mux2_16bit/Behavioral 1455291845 \
      FL //tholos.itserv.scss.tcd.ie/ugrad/agnewl/Project-1-Datapath-Design-Part-A/mux2_16bit.vhd \
      EN work/mux2_16bit 1455291844
FL //tholos.itserv.scss.tcd.ie/ugrad/agnewl/Project-1-Datapath-Design-Part-A/mux8_16bit.vhd 2016/02/12.14:36:21 O.61xd
EN work/mux8_16bit 1455534255 \
      FL //tholos.itserv.scss.tcd.ie/ugrad/agnewl/Project-1-Datapath-Design-Part-A/mux8_16bit.vhd \
      PB ieee/std_logic_1164 1308643377 PB ieee/std_logic_arith 1308643378 \
      PB ieee/STD_LOGIC_UNSIGNED 1308643379
AR work/mux8_16bit/Behavioral 1455534256 \
      FL //tholos.itserv.scss.tcd.ie/ugrad/agnewl/Project-1-Datapath-Design-Part-A/mux8_16bit.vhd \
      EN work/mux8_16bit 1455534255
FL //tholos.itserv.scss.tcd.ie/ugrad/agnewl/Project-1-Datapath-Design-Part-A/reg16.vhd 2016/02/12.13:24:30 O.61xd
EN work/reg16 1455291840 \
      FL //tholos.itserv.scss.tcd.ie/ugrad/agnewl/Project-1-Datapath-Design-Part-A/reg16.vhd \
      PB ieee/std_logic_1164 1308643377 PB ieee/std_logic_arith 1308643378 \
      PB ieee/STD_LOGIC_UNSIGNED 1308643379
AR work/reg16/Behavioral 1455291841 \
      FL //tholos.itserv.scss.tcd.ie/ugrad/agnewl/Project-1-Datapath-Design-Part-A/reg16.vhd \
      EN work/reg16 1455291840
FL //tholos.itserv.scss.tcd.ie/ugrad/agnewl/Project-1-Datapath-Design-Part-A/register_file.vhd 2016/02/12.14:55:06 O.61xd
EN work/register_file 1455291848 \
      FL //tholos.itserv.scss.tcd.ie/ugrad/agnewl/Project-1-Datapath-Design-Part-A/register_file.vhd \
      PB ieee/std_logic_1164 1308643377
AR work/register_file/Behavioral 1455291849 \
      FL //tholos.itserv.scss.tcd.ie/ugrad/agnewl/Project-1-Datapath-Design-Part-A/register_file.vhd \
      EN work/register_file 1455291848 CP reg16 CP decoder_3_to_8 CP mux2_16bit \
      CP mux8_16bit
